 
 gcc -g p3final.c
 ./a.out
enter the value of n
5
1+2+3+4+5 is 15 
 gdb a.out
GNU gdb (Ubuntu 8.1.1-0ubuntu1) 8.1.1
Copyright (C) 2018 Free Software Foundation, Inc.
License GPLv3+: GNU GPL version 3 or later <http://gnu.org/licenses/gpl.html>
This is free software: you are free to change and redistribute it.
There is NO WARRANTY, to the extent permitted by law.  Type "show copying"
and "show warranty" for details.
This GDB was configured as "x86_64-linux-gnu".
Type "show configuration" for configuration details.
For bug reporting instructions, please see:
<http://www.gnu.org/software/gdb/bugs/>.
Find the GDB manual and other documentation resources online at:
<http://www.gnu.org/software/gdb/documentation/>.
For help, type "help".
Type "apropos word" to search for commands related to "word"...
Reading symbols from a.out...done.
(gdb) b main
Breakpoint 1 at 0x83e: file p3final.c, line 30.
(gdb) r
Starting program: /home/runner/IA1-Revision/a.out 
warning: Error disabling address space randomization: Operation not permitted

Breakpoint 1, main () at p3final.c:30
30    x=input_n();
(gdb) s
input_n () at p3final.c:3
3   {
(gdb) n
5     printf("enter the value of n\n");
(gdb) n
enter the value of n
6     scanf("%d",&a);
(gdb) n
5
7     return a;
(gdb) n
8   }
(gdb) n
main () at p3final.c:31
31    y=sum_n(x);
(gdb) s
sum_n (n=5) at p3final.c:11
11    int sum=0;
(gdb) n
13      sum=sum+n;
(gdb) n
14      n=n-1;
(gdb) n
15    }while(n>0);
(gdb) n
13      sum=sum+n;
(gdb) n
14      n=n-1;
(gdb) n
15    }while(n>0);
(gdb) n
13      sum=sum+n;
(gdb) n
14      n=n-1;
(gdb) n
15    }while(n>0);
(gdb) n
13      sum=sum+n;
(gdb) n
14      n=n-1;
(gdb) n
15    }while(n>0);
(gdb) n
13      sum=sum+n;
(gdb) nn
Undefined command: "nn".  Try "help".
(gdb) n
14      n=n-1;
(gdb) n
15    }while(n>0);
(gdb) n
16      return sum;
(gdb) n
17  }
(gdb) n
main () at p3final.c:32
32    output(x,y);
(gdb) s
output (n=5, sum=15) at p3final.c:21
21    for(i=1;i<n;i++)
(gdb) n
23        printf("%d+",i);
(gdb) n
21    for(i=1;i<n;i++)
(gdb) n
23        printf("%d+",i);
(gdb) n
21    for(i=1;i<n;i++)
(gdb) n
23        printf("%d+",i);
(gdb) n
21    for(i=1;i<n;i++)
(gdb) n
23        printf("%d+",i);
(gdb) n
21    for(i=1;i<n;i++)
(gdb) n
25    printf("%d is %d",n,sum);
(gdb) n
26  }
(gdb) n
main () at p3final.c:33
33  }(gdb) n
__libc_start_main (main=0x55a6ff400836 <main>, argc=1, argv=0x7ffd5894d208, 
    init=<optimized out>, fini=<optimized out>, rtld_fini=<optimized out>, 
    stack_end=0x7ffd5894d1f8) at ../csu/libc-start.c:344
344 ../csu/libc-start.c: No such file or directory.
(gdb) c
Continuing.
1+2+3+4+5 is 15[Inferior 1 (process 549) exited with code 07]
(gdb) 